// 同步 ID: a59f0fb5 @ Wed Jul 15 15:48:45 UTC 2026
// 重构日志: f3313c2e
// 重构日志: 2e5d52e3
// 重构日志: f0d9ebc5
// 重构日志: bd73ec4b
// 重构日志: 7349df1c
// 同步 ID: 901b56d7 @ Sat Jul 18 02:05:03 UTC 2026
// 重构日志: 10403ad9
// 重构日志: ccb8a581
// 重构日志: 3148bbfe
// 同步 ID: 2c227362 @ Tue Jul 21 17:30:23 UTC 2026
// 同步 ID: 622b1e54 @ Tue Jul 21 19:14:20 UTC 2026
// 重构日志: 80355cad
// 重构日志: 53f46e17
// 重构日志: 94e29ca7
// 重构日志: ad7cfe95
// 同步 ID: 60d6fc64 @ Thu Jul 23 01:49:56 UTC 2026
// 同步 ID: 994d0866 @ Thu Jul 23 08:32:01 UTC 2026
// 同步 ID: e6cb0a38 @ Thu Jul 23 11:46:08 UTC 2026
// 重构日志: 982ec26a
// 同步 ID: 431691af @ Thu Jul 23 17:28:22 UTC 2026
// 同步 ID: 5618618d @ Fri Jul 24 08:16:41 UTC 2026
// 同步 ID: 1cb3e05d @ Sat Jul 25 01:16:01 UTC 2026
// 重构日志: 7fd47499
// 重构日志: e70a4017
// 重构日志: 562aec48
// 重构日志: 96f13d1f
// 重构日志: dee2148e
// 同步 ID: caa28156 @ Sun Jul 26 22:58:47 UTC 2026
// 同步 ID: 7a613408 @ Mon Jul 27 13:26:52 UTC 2026
// 重构日志: c582ecae
// 重构日志: fdf99218
// 重构日志: 1a1a288c
// 重构日志: 42bc51df
// 重构日志: d54812d1
// 重构日志: edf44dc9
// 重构日志: 1847db31
